python : ImportError while loading conftest 'C:\Users\jorge\OneDrive\┴rea de 
Trabalho\clicker\professor-simulator-clicker\tests\conftest.py'.
No linha:1 caractere:85
+ ... -clicker" ; python -m pytest tests/ --cov=app --cov-report=xml --cov- ...
+                 ~~~~~~~~~~~~~~~~~~~~~~~~~~~~~~~~~~~~~~~~~~~~~~~~~~~~~~~~~
    + CategoryInfo          : NotSpecified: (ImportError whi...s\conftest.py'. 
   :String) [], RemoteException
    + FullyQualifiedErrorId : NativeCommandError
 
tests\conftest.py:4: in <module>
    from fastapi.testclient import TestClient
E   ModuleNotFoundError: No module named 'fastapi'
